// Jest Snapshot v1, https://goo.gl/fbAQLP

exports[`Home page component renders HomePage 1`] = `"<div>Please log in to have full access to articles.</div>"`;
