// Jest Snapshot v1, https://goo.gl/fbAQLP

exports[`Login renders LoginPage 1`] = `"<div><h2>Login to read articles</h2><div><button>Login with Google</button></div></div>"`;
