// Jest Snapshot v1, https://goo.gl/fbAQLP

exports[`Non user component renders Non user 1`] = `"<article><div>Please wait..</div></article>"`;
