// Jest Snapshot v1, https://goo.gl/fbAQLP

exports[`Not found component renders NotFound 1`] = `"<div><h2>Page not found</h2></div>"`;
